MPLINK 4.40, Linker
Linker Map File - Created Sun Oct 23 13:54:06 2011

                                 Section Info
                  Section       Type    Address   Location Size(Bytes)
                ---------  ---------  ---------  ---------  ---------
               _entry_scn       code   0x000000    program   0x000006
                   .cinit    romdata   0x000006    program   0x000002
             intr_section       code   0x000008    program   0x000006
           .code_Packet.o       code   0x00000e    program   0x00079c
             .code_Main.o       code   0x0007aa    program   0x0005e6
           .code_Serial.o       code   0x000d90    program   0x0004de
                     PROG       code   0x00126e    program   0x000348
           .code_Buffer.o       code   0x0015b6    program   0x0002e4
              .code_Adc.o       code   0x00189a    program   0x0002a8
   .code_ByteConversion.o       code   0x001b42    program   0x00011c
               _cinit_scn       code   0x001c5e    program   0x00009e
                    .code       code   0x001cfc    program   0x000020
             _startup_scn       code   0x001d1c    program   0x00001c
         .code_fxd0808u.o       code   0x001d38    program   0x00001c
           .code___init.o       code   0x001d54    program   0x000002
        .romdata_Packet.o    romdata   0x001d56    program   0x000000
        .idata_Buffer.o_i    romdata   0x001d56    program   0x000000
        .romdata_Buffer.o    romdata   0x001d56    program   0x000000
      .idata_fxd0808u.o_i    romdata   0x001d56    program   0x000000
      .romdata_fxd0808u.o    romdata   0x001d56    program   0x000000
        .idata___init.o_i    romdata   0x001d56    program   0x000000
        .romdata___init.o    romdata   0x001d56    program   0x000000
        .idata_Packet.o_i    romdata   0x001d56    program   0x000000
           .romdata_Adc.o    romdata   0x001d56    program   0x000000
           .idata_Adc.o_i    romdata   0x001d56    program   0x000000
.romdata_ByteConversion.o    romdata   0x001d56    program   0x000000
.idata_ByteConversion.o_i    romdata   0x001d56    program   0x000000
        .romdata_Serial.o    romdata   0x001d56    program   0x000000
        .idata_Serial.o_i    romdata   0x001d56    program   0x000000
          .romdata_Main.o    romdata   0x001d56    program   0x000000
          .idata_Main.o_i    romdata   0x001d56    program   0x000000
            .code_c018i.o       code   0x001d56    program   0x000000
         .romdata_c018i.o    romdata   0x001d56    program   0x000000
         .idata_c018i.o_i    romdata   0x001d56    program   0x000000
    .config_300001_Main.o    romdata   0x300001    program   0x000001
    .config_300003_Main.o    romdata   0x300003    program   0x000001
                MATH_DATA      udata   0x000000       data   0x000014
                 .tmpdata      udata   0x000014       data   0x000014
         intr_handler_tmp      udata   0x000028       data   0x000007
            .udata_Main.o      udata   0x000080       data   0x000068
           .udata_c018i.o      udata   0x0000e8       data   0x00000a
             .udata_Adc.o      udata   0x0000f2       data   0x000004
          .idata___init.o      idata   0x0000f6       data   0x000000
          .udata___init.o      udata   0x0000f6       data   0x000000
        .idata_fxd0808u.o      idata   0x0000f6       data   0x000000
        .udata_fxd0808u.o      udata   0x0000f6       data   0x000000
          .idata_Buffer.o      idata   0x0000f6       data   0x000000
          .udata_Buffer.o      udata   0x0000f6       data   0x000000
          .idata_Packet.o      idata   0x0000f6       data   0x000000
          .udata_Packet.o      udata   0x0000f6       data   0x000000
             .idata_Adc.o      idata   0x0000f6       data   0x000000
           .idata_c018i.o      idata   0x0000f6       data   0x000000
  .idata_ByteConversion.o      idata   0x0000f6       data   0x000000
  .udata_ByteConversion.o      udata   0x0000f6       data   0x000000
          .idata_Serial.o      idata   0x0000f6       data   0x000000
          .udata_Serial.o      udata   0x0000f6       data   0x000000
            .idata_Main.o      idata   0x0000f6       data   0x000000
                   .stack      udata   0x000500       data   0x000100
            SFR_UNBANKED0      udata   0x000f80       data   0x000080



                              Program Memory Usage 
                               Start         End      
                           ---------   ---------      
                            0x000000    0x001d55      
                            0x300001    0x300001      
                            0x300003    0x300003      
            7512 out of 33048 program addresses used, program memory utilization is 22%



                              Symbols - Sorted by Name
                     Name    Address   Location    Storage File                     
                ---------  ---------  ---------  --------- ---------                
                  BUF_ADD   0x00181a    program     extern C:\Users\Ryan\Pacemaker\Microcontroller\Buffer.c
                BUF_EMPTY   0x001790    program     extern C:\Users\Ryan\Pacemaker\Microcontroller\Buffer.c
                 BUF_FULL   0x0017d4    program     extern C:\Users\Ryan\Pacemaker\Microcontroller\Buffer.c
                  BUF_GET   0x0015e6    program     extern C:\Users\Ryan\Pacemaker\Microcontroller\Buffer.c
                 BUF_INIT   0x0015b6    program     extern C:\Users\Ryan\Pacemaker\Microcontroller\Buffer.c
               BUF_LENGTH   0x001666    program     extern C:\Users\Ryan\Pacemaker\Microcontroller\Buffer.c
                 BUF_SIZE   0x001778    program     extern C:\Users\Ryan\Pacemaker\Microcontroller\Buffer.c
                   D0808S   0x00142e    program     static C:\MCC18\v3_39\src\traditional\math\fxd0808s.asm
                D0808SNEG   0x00143c    program     static C:\MCC18\v3_39\src\traditional\math\fxd0808s.asm
                 D0808SOK   0x001438    program     static C:\MCC18\v3_39\src\traditional\math\fxd0808s.asm
                  D0808SX   0x001442    program     static C:\MCC18\v3_39\src\traditional\math\fxd0808s.asm
                  DA0808S   0x001424    program     static C:\MCC18\v3_39\src\traditional\math\fxd0808s.asm
                 FLO1632S   0x001272    program     extern C:\MCC18\v3_39\src\traditional\math\cast16FP.asm
                 FLO1632U   0x00126e    program     extern C:\MCC18\v3_39\src\traditional\math\cast16FP.asm
                    FPD32   0x001298    program     extern C:\MCC18\v3_39\src\traditional\math\divFP.asm
                    FPM32   0x00133e    program     extern C:\MCC18\v3_39\src\traditional\math\mulFP.asm
                 FXD0808S   0x001418    program     extern C:\MCC18\v3_39\src\traditional\math\fxd0808s.asm
                 FXD0808U   0x001d38    program     extern C:\MCC18\v3_39\src\traditional\math\fxd0808u.c
                  INT3216   0x00144c    program     extern C:\MCC18\v3_39\src\traditional\math\castFP16.asm
                 __FpExit   0x0014b6    program     extern C:\MCC18\v3_39\src\traditional\math\packFP.asm
                 __FpPack   0x0014e2    program     extern C:\MCC18\v3_39\src\traditional\math\packFP.asm
            __FpReturnNaN   0x0014aa    program     extern C:\MCC18\v3_39\src\traditional\math\packFP.asm
         __FpReturnNegInf   0x0014bc    program     extern C:\MCC18\v3_39\src\traditional\math\packFP.asm
        __FpReturnNegZero   0x0014d4    program     extern C:\MCC18\v3_39\src\traditional\math\packFP.asm
         __FpReturnPosInf   0x0014c2    program     extern C:\MCC18\v3_39\src\traditional\math\packFP.asm
        __FpReturnPosZero   0x0014dc    program     extern C:\MCC18\v3_39\src\traditional\math\packFP.asm
        __FpReturnSignInf   0x0014b8    program     extern C:\MCC18\v3_39\src\traditional\math\packFP.asm
       __FpReturnSignZero   0x0014d0    program     extern C:\MCC18\v3_39\src\traditional\math\packFP.asm
              __FpReturnW   0x00153a    program     extern C:\MCC18\v3_39\src\traditional\math\packFP.asm
              __FpUnPackA   0x00155a    program     extern C:\MCC18\v3_39\src\traditional\math\UnpackFP.asm
              __FpUnPackB   0x00158a    program     extern C:\MCC18\v3_39\src\traditional\math\UnpackFP.asm
         ___else_lbl00007   0x0008cc    program     static                          
           ___if_lbl00002   0x00085a    program     static                          
           ___if_lbl00004   0x0008a6    program     static                          
           ___if_lbl00005   0x0008a6    program     static                          
           ___if_lbl00006   0x0008de    program     static                          
           ___if_lbl00008   0x0008de    program     static                          
       ___return_lbl00000   0x00000c    program     static                          
       ___return_lbl00000   0x001d52    program     static                          
       ___return_lbl00000   0x000004    program     static                          
       ___return_lbl00001   0x0008de    program     static                          
       ___return_lbl00001   0x001d36    program     static                          
       ___return_lbl00002   0x001cfa    program     static                          
               __config_0   0x300001    program     static C:\Users\Ryan\Pacemaker\Microcontroller\Main.c
               __config_1   0x300003    program     static C:\Users\Ryan\Pacemaker\Microcontroller\Main.c
                   __init   0x001d54    program     extern C:\MCC18\v3_39\src\traditional\stdclib\__init.c
               __tmplbl_0   0x00089e    program     static                          
               __tmplbl_1   0x000896    program     static                          
            __zero_memory   0x001cfc    program     extern C:\MCC18\v3_39\src\traditional\proc\p18F4520.asm
                _do_cinit   0x001c5e    program     extern C:\MCC18\v3_39\src\traditional\startup\c018i.c
                   _entry   0x000000    program     extern C:\MCC18\v3_39\src\traditional\startup\c018i.c
                 _startup   0x001d1c    program     extern C:\MCC18\v3_39\src\traditional\startup\c018i.c
                  adc_get   0x0018c0    program     extern C:\Users\Ryan\Pacemaker\Microcontroller\Adc.c
                 adc_init   0x0018ae    program     extern C:\Users\Ryan\Pacemaker\Microcontroller\Adc.c
                adc_start   0x00193a    program     extern C:\Users\Ryan\Pacemaker\Microcontroller\Adc.c
                 adc_stop   0x001948    program     extern C:\Users\Ryan\Pacemaker\Microcontroller\Adc.c
             buffToPacket   0x00047c    program     extern C:\Users\Ryan\Pacemaker\Microcontroller\Packet.c
               bytesToInt   0x001be6    program     extern C:\Users\Ryan\Pacemaker\Microcontroller\ByteConversion.c
             calcCheckSum   0x00000e    program     extern C:\Users\Ryan\Pacemaker\Microcontroller\Packet.c
                compare_l   0x001d12    program     static C:\MCC18\v3_39\src\traditional\proc\p18F4520.asm
                copy_loop   0x001cd0    program     static                          
            copy_one_byte   0x001cd6    program     static                          
                     done   0x001cfa    program     static                          
             done_copying   0x001ce4    program     static                          
            egramToPacket   0x0005e0    program     extern C:\Users\Ryan\Pacemaker\Microcontroller\Packet.c
            egramToStream   0x001134    program     extern C:\Users\Ryan\Pacemaker\Microcontroller\Serial.c
                  endloop   0x001d4e    program     static                          
             get_AVoltage   0x001b36    program     extern C:\Users\Ryan\Pacemaker\Microcontroller\Adc.c
             get_VVoltage   0x00194e    program     extern C:\Users\Ryan\Pacemaker\Microcontroller\Adc.c
                 initComm   0x000d90    program     extern C:\Users\Ryan\Pacemaker\Microcontroller\Serial.c
               intToBytes   0x001b42    program     extern C:\Users\Ryan\Pacemaker\Microcontroller\ByteConversion.c
               intr_entry   0x000008    program     extern C:\Users\Ryan\Pacemaker\Microcontroller\Main.c
             intr_handler   0x0007aa    program     extern C:\Users\Ryan\Pacemaker\Microcontroller\Main.c
                 jANotInf   0x0012b6    program     static C:\MCC18\v3_39\src\traditional\math\divFP.asm
                 jANotInf   0x00135c    program     static C:\MCC18\v3_39\src\traditional\math\mulFP.asm
                jANotZero   0x0012ca    program     static C:\MCC18\v3_39\src\traditional\math\divFP.asm
              jBothFinite   0x00136a    program     static C:\MCC18\v3_39\src\traditional\math\mulFP.asm
             jBothNotZero   0x001376    program     static C:\MCC18\v3_39\src\traditional\math\mulFP.asm
                    jExit   0x0014a8    program     static C:\MCC18\v3_39\src\traditional\math\castFP16.asm
                jHaveZero   0x001372    program     static C:\MCC18\v3_39\src\traditional\math\mulFP.asm
                jI2F16Beg   0x001282    program     static C:\MCC18\v3_39\src\traditional\math\cast16FP.asm
                    jLoop   0x0012f2    program     static C:\MCC18\v3_39\src\traditional\math\divFP.asm
                    jLoop   0x001488    program     static C:\MCC18\v3_39\src\traditional\math\castFP16.asm
                jLoopExit   0x001498    program     static C:\MCC18\v3_39\src\traditional\math\castFP16.asm
                     jMax   0x00145c    program     static C:\MCC18\v3_39\src\traditional\math\castFP16.asm
                  jMaxNeg   0x00146a    program     static C:\MCC18\v3_39\src\traditional\math\castFP16.asm
                  jMaxPos   0x001460    program     static C:\MCC18\v3_39\src\traditional\math\castFP16.asm
                    jNext   0x001318    program     static C:\MCC18\v3_39\src\traditional\math\divFP.asm
                jNoAdjust   0x001316    program     static C:\MCC18\v3_39\src\traditional\math\divFP.asm
                  jNotInf   0x001478    program     static C:\MCC18\v3_39\src\traditional\math\castFP16.asm
                  jPkLoop   0x0014f0    program     static C:\MCC18\v3_39\src\traditional\math\packFP.asm
             jPkRoundDone   0x00153a    program     static C:\MCC18\v3_39\src\traditional\math\packFP.asm
               jPkRoundIt   0x001522    program     static C:\MCC18\v3_39\src\traditional\math\packFP.asm
             jPkShiftDone   0x00150c    program     static C:\MCC18\v3_39\src\traditional\math\packFP.asm
           jReturnPosInf0   0x0014c6    program     static C:\MCC18\v3_39\src\traditional\math\packFP.asm
              jSignedZero   0x0012c0    program     static C:\MCC18\v3_39\src\traditional\math\divFP.asm
                  jUnpkA1   0x001564    program     static C:\MCC18\v3_39\src\traditional\math\UnpackFP.asm
                  jUnpkA2   0x00157c    program     static C:\MCC18\v3_39\src\traditional\math\UnpackFP.asm
                 jUnpkANZ   0x001572    program     static C:\MCC18\v3_39\src\traditional\math\UnpackFP.asm
                  jUnpkB1   0x001594    program     static C:\MCC18\v3_39\src\traditional\math\UnpackFP.asm
                  jUnpkB2   0x0015ac    program     static C:\MCC18\v3_39\src\traditional\math\UnpackFP.asm
                 jUnpkBNZ   0x0015a2    program     static C:\MCC18\v3_39\src\traditional\math\UnpackFP.asm
                 jUnpkNaN   0x001586    program     static C:\MCC18\v3_39\src\traditional\math\UnpackFP.asm
                    jZero   0x001472    program     static C:\MCC18\v3_39\src\traditional\math\castFP16.asm
               jZero1and2   0x0014ca    program     static C:\MCC18\v3_39\src\traditional\math\packFP.asm
                     loop   0x001d2c    program     static                          
                     loop   0x001d40    program     static                          
                   loop_h   0x001d0a    program     static C:\MCC18\v3_39\src\traditional\proc\p18F4520.asm
                   loop_l   0x001d14    program     static C:\MCC18\v3_39\src\traditional\proc\p18F4520.asm
                     main   0x000926    program     extern C:\Users\Ryan\Pacemaker\Microcontroller\Main.c
                on_timer1   0x00195a    program     extern C:\Users\Ryan\Pacemaker\Microcontroller\Adc.c
           packetToParams   0x000320    program     extern C:\Users\Ryan\Pacemaker\Microcontroller\Packet.c
           paramsToPacket   0x000092    program     extern C:\Users\Ryan\Pacemaker\Microcontroller\Packet.c
            receivePacket   0x000eb4    program     extern C:\Users\Ryan\Pacemaker\Microcontroller\Serial.c
                 sendChar   0x001106    program     extern C:\Users\Ryan\Pacemaker\Microcontroller\Serial.c
               sendPacket   0x000df0    program     extern C:\Users\Ryan\Pacemaker\Microcontroller\Serial.c
               sendStream   0x0011fe    program     extern C:\Users\Ryan\Pacemaker\Microcontroller\Serial.c
               sense_init   0x0018aa    program     extern C:\Users\Ryan\Pacemaker\Microcontroller\Adc.c
                     test   0x001c78    program     static                          
              timer1_init   0x00189a    program     extern C:\Users\Ryan\Pacemaker\Microcontroller\Adc.c
              validHeader   0x000db0    program     extern C:\Users\Ryan\Pacemaker\Microcontroller\Serial.c
               zero_block   0x001d0a    program     static C:\MCC18\v3_39\src\traditional\proc\p18F4520.asm
                   ADCON0   0x000fc2       data     extern C:\MCC18\v3_39\src\traditional\proc\p18F4520.asm
               ADCON0bits   0x000fc2       data     extern C:\MCC18\v3_39\src\traditional\proc\p18F4520.asm
                   ADCON1   0x000fc1       data     extern C:\MCC18\v3_39\src\traditional\proc\p18F4520.asm
               ADCON1bits   0x000fc1       data     extern C:\MCC18\v3_39\src\traditional\proc\p18F4520.asm
                   ADCON2   0x000fc0       data     extern C:\MCC18\v3_39\src\traditional\proc\p18F4520.asm
               ADCON2bits   0x000fc0       data     extern C:\MCC18\v3_39\src\traditional\proc\p18F4520.asm
                    ADRES   0x000fc3       data     extern C:\MCC18\v3_39\src\traditional\proc\p18F4520.asm
                   ADRESH   0x000fc4       data     extern C:\MCC18\v3_39\src\traditional\proc\p18F4520.asm
                   ADRESL   0x000fc3       data     extern C:\MCC18\v3_39\src\traditional\proc\p18F4520.asm
                 AVoltage   0x0000f2       data     extern C:\Users\Ryan\Pacemaker\Microcontroller\Adc.c
                  BAUDCON   0x000fb8       data     extern C:\MCC18\v3_39\src\traditional\proc\p18F4520.asm
              BAUDCONbits   0x000fb8       data     extern C:\MCC18\v3_39\src\traditional\proc\p18F4520.asm
                  BAUDCTL   0x000fb8       data     extern C:\MCC18\v3_39\src\traditional\proc\p18F4520.asm
              BAUDCTLbits   0x000fb8       data     extern C:\MCC18\v3_39\src\traditional\proc\p18F4520.asm
                      BSR   0x000fe0       data     extern C:\MCC18\v3_39\src\traditional\proc\p18F4520.asm
                  CCP1CON   0x000fbd       data     extern C:\MCC18\v3_39\src\traditional\proc\p18F4520.asm
              CCP1CONbits   0x000fbd       data     extern C:\MCC18\v3_39\src\traditional\proc\p18F4520.asm
                  CCP2CON   0x000fba       data     extern C:\MCC18\v3_39\src\traditional\proc\p18F4520.asm
              CCP2CONbits   0x000fba       data     extern C:\MCC18\v3_39\src\traditional\proc\p18F4520.asm
                    CCPR1   0x000fbe       data     extern C:\MCC18\v3_39\src\traditional\proc\p18F4520.asm
                   CCPR1H   0x000fbf       data     extern C:\MCC18\v3_39\src\traditional\proc\p18F4520.asm
                   CCPR1L   0x000fbe       data     extern C:\MCC18\v3_39\src\traditional\proc\p18F4520.asm
                    CCPR2   0x000fbb       data     extern C:\MCC18\v3_39\src\traditional\proc\p18F4520.asm
                   CCPR2H   0x000fbc       data     extern C:\MCC18\v3_39\src\traditional\proc\p18F4520.asm
                   CCPR2L   0x000fbb       data     extern C:\MCC18\v3_39\src\traditional\proc\p18F4520.asm
                    CMCON   0x000fb4       data     extern C:\MCC18\v3_39\src\traditional\proc\p18F4520.asm
                CMCONbits   0x000fb4       data     extern C:\MCC18\v3_39\src\traditional\proc\p18F4520.asm
                   CVRCON   0x000fb5       data     extern C:\MCC18\v3_39\src\traditional\proc\p18F4520.asm
               CVRCONbits   0x000fb5       data     extern C:\MCC18\v3_39\src\traditional\proc\p18F4520.asm
                     DDRA   0x000f92       data     extern C:\MCC18\v3_39\src\traditional\proc\p18F4520.asm
                 DDRAbits   0x000f92       data     extern C:\MCC18\v3_39\src\traditional\proc\p18F4520.asm
                     DDRB   0x000f93       data     extern C:\MCC18\v3_39\src\traditional\proc\p18F4520.asm
                 DDRBbits   0x000f93       data     extern C:\MCC18\v3_39\src\traditional\proc\p18F4520.asm
                     DDRC   0x000f94       data     extern C:\MCC18\v3_39\src\traditional\proc\p18F4520.asm
                 DDRCbits   0x000f94       data     extern C:\MCC18\v3_39\src\traditional\proc\p18F4520.asm
                     DDRD   0x000f95       data     extern C:\MCC18\v3_39\src\traditional\proc\p18F4520.asm
                 DDRDbits   0x000f95       data     extern C:\MCC18\v3_39\src\traditional\proc\p18F4520.asm
                     DDRE   0x000f96       data     extern C:\MCC18\v3_39\src\traditional\proc\p18F4520.asm
                 DDREbits   0x000f96       data     extern C:\MCC18\v3_39\src\traditional\proc\p18F4520.asm
                  ECCP1AS   0x000fb6       data     extern C:\MCC18\v3_39\src\traditional\proc\p18F4520.asm
              ECCP1ASbits   0x000fb6       data     extern C:\MCC18\v3_39\src\traditional\proc\p18F4520.asm
                 ECCP1DEL   0x000fb7       data     extern C:\MCC18\v3_39\src\traditional\proc\p18F4520.asm
             ECCP1DELbits   0x000fb7       data     extern C:\MCC18\v3_39\src\traditional\proc\p18F4520.asm
                   ECCPAS   0x000fb6       data     extern C:\MCC18\v3_39\src\traditional\proc\p18F4520.asm
               ECCPASbits   0x000fb6       data     extern C:\MCC18\v3_39\src\traditional\proc\p18F4520.asm
                    EEADR   0x000fa9       data     extern C:\MCC18\v3_39\src\traditional\proc\p18F4520.asm
                   EECON1   0x000fa6       data     extern C:\MCC18\v3_39\src\traditional\proc\p18F4520.asm
               EECON1bits   0x000fa6       data     extern C:\MCC18\v3_39\src\traditional\proc\p18F4520.asm
                   EECON2   0x000fa7       data     extern C:\MCC18\v3_39\src\traditional\proc\p18F4520.asm
                   EEDATA   0x000fa8       data     extern C:\MCC18\v3_39\src\traditional\proc\p18F4520.asm
                     FSR0   0x000fe9       data     extern C:\MCC18\v3_39\src\traditional\proc\p18F4520.asm
                    FSR0H   0x000fea       data     extern C:\MCC18\v3_39\src\traditional\proc\p18F4520.asm
                    FSR0L   0x000fe9       data     extern C:\MCC18\v3_39\src\traditional\proc\p18F4520.asm
                     FSR1   0x000fe1       data     extern C:\MCC18\v3_39\src\traditional\proc\p18F4520.asm
                    FSR1H   0x000fe2       data     extern C:\MCC18\v3_39\src\traditional\proc\p18F4520.asm
                    FSR1L   0x000fe1       data     extern C:\MCC18\v3_39\src\traditional\proc\p18F4520.asm
                     FSR2   0x000fd9       data     extern C:\MCC18\v3_39\src\traditional\proc\p18F4520.asm
                    FSR2H   0x000fda       data     extern C:\MCC18\v3_39\src\traditional\proc\p18F4520.asm
                    FSR2L   0x000fd9       data     extern C:\MCC18\v3_39\src\traditional\proc\p18F4520.asm
                  HLVDCON   0x000fd2       data     extern C:\MCC18\v3_39\src\traditional\proc\p18F4520.asm
              HLVDCONbits   0x000fd2       data     extern C:\MCC18\v3_39\src\traditional\proc\p18F4520.asm
                    INDF0   0x000fef       data     extern C:\MCC18\v3_39\src\traditional\proc\p18F4520.asm
                    INDF1   0x000fe7       data     extern C:\MCC18\v3_39\src\traditional\proc\p18F4520.asm
                    INDF2   0x000fdf       data     extern C:\MCC18\v3_39\src\traditional\proc\p18F4520.asm
                   INTCON   0x000ff2       data     extern C:\MCC18\v3_39\src\traditional\proc\p18F4520.asm
                  INTCON2   0x000ff1       data     extern C:\MCC18\v3_39\src\traditional\proc\p18F4520.asm
              INTCON2bits   0x000ff1       data     extern C:\MCC18\v3_39\src\traditional\proc\p18F4520.asm
                  INTCON3   0x000ff0       data     extern C:\MCC18\v3_39\src\traditional\proc\p18F4520.asm
              INTCON3bits   0x000ff0       data     extern C:\MCC18\v3_39\src\traditional\proc\p18F4520.asm
               INTCONbits   0x000ff2       data     extern C:\MCC18\v3_39\src\traditional\proc\p18F4520.asm
                     IPR1   0x000f9f       data     extern C:\MCC18\v3_39\src\traditional\proc\p18F4520.asm
                 IPR1bits   0x000f9f       data     extern C:\MCC18\v3_39\src\traditional\proc\p18F4520.asm
                     IPR2   0x000fa2       data     extern C:\MCC18\v3_39\src\traditional\proc\p18F4520.asm
                 IPR2bits   0x000fa2       data     extern C:\MCC18\v3_39\src\traditional\proc\p18F4520.asm
                     LATA   0x000f89       data     extern C:\MCC18\v3_39\src\traditional\proc\p18F4520.asm
                 LATAbits   0x000f89       data     extern C:\MCC18\v3_39\src\traditional\proc\p18F4520.asm
                     LATB   0x000f8a       data     extern C:\MCC18\v3_39\src\traditional\proc\p18F4520.asm
                 LATBbits   0x000f8a       data     extern C:\MCC18\v3_39\src\traditional\proc\p18F4520.asm
                     LATC   0x000f8b       data     extern C:\MCC18\v3_39\src\traditional\proc\p18F4520.asm
                 LATCbits   0x000f8b       data     extern C:\MCC18\v3_39\src\traditional\proc\p18F4520.asm
                     LATD   0x000f8c       data     extern C:\MCC18\v3_39\src\traditional\proc\p18F4520.asm
                 LATDbits   0x000f8c       data     extern C:\MCC18\v3_39\src\traditional\proc\p18F4520.asm
                     LATE   0x000f8d       data     extern C:\MCC18\v3_39\src\traditional\proc\p18F4520.asm
                 LATEbits   0x000f8d       data     extern C:\MCC18\v3_39\src\traditional\proc\p18F4520.asm
                   LVDCON   0x000fd2       data     extern C:\MCC18\v3_39\src\traditional\proc\p18F4520.asm
               LVDCONbits   0x000fd2       data     extern C:\MCC18\v3_39\src\traditional\proc\p18F4520.asm
                   OSCCON   0x000fd3       data     extern C:\MCC18\v3_39\src\traditional\proc\p18F4520.asm
               OSCCONbits   0x000fd3       data     extern C:\MCC18\v3_39\src\traditional\proc\p18F4520.asm
                  OSCTUNE   0x000f9b       data     extern C:\MCC18\v3_39\src\traditional\proc\p18F4520.asm
              OSCTUNEbits   0x000f9b       data     extern C:\MCC18\v3_39\src\traditional\proc\p18F4520.asm
                       PC   0x000ff9       data     extern C:\MCC18\v3_39\src\traditional\proc\p18F4520.asm
                      PCL   0x000ff9       data     extern C:\MCC18\v3_39\src\traditional\proc\p18F4520.asm
                   PCLATH   0x000ffa       data     extern C:\MCC18\v3_39\src\traditional\proc\p18F4520.asm
                   PCLATU   0x000ffb       data     extern C:\MCC18\v3_39\src\traditional\proc\p18F4520.asm
                     PIE1   0x000f9d       data     extern C:\MCC18\v3_39\src\traditional\proc\p18F4520.asm
                 PIE1bits   0x000f9d       data     extern C:\MCC18\v3_39\src\traditional\proc\p18F4520.asm
                     PIE2   0x000fa0       data     extern C:\MCC18\v3_39\src\traditional\proc\p18F4520.asm
                 PIE2bits   0x000fa0       data     extern C:\MCC18\v3_39\src\traditional\proc\p18F4520.asm
                     PIR1   0x000f9e       data     extern C:\MCC18\v3_39\src\traditional\proc\p18F4520.asm
                 PIR1bits   0x000f9e       data     extern C:\MCC18\v3_39\src\traditional\proc\p18F4520.asm
                     PIR2   0x000fa1       data     extern C:\MCC18\v3_39\src\traditional\proc\p18F4520.asm
                 PIR2bits   0x000fa1       data     extern C:\MCC18\v3_39\src\traditional\proc\p18F4520.asm
                   PLUSW0   0x000feb       data     extern C:\MCC18\v3_39\src\traditional\proc\p18F4520.asm
                   PLUSW1   0x000fe3       data     extern C:\MCC18\v3_39\src\traditional\proc\p18F4520.asm
                   PLUSW2   0x000fdb       data     extern C:\MCC18\v3_39\src\traditional\proc\p18F4520.asm
                    PORTA   0x000f80       data     extern C:\MCC18\v3_39\src\traditional\proc\p18F4520.asm
                PORTAbits   0x000f80       data     extern C:\MCC18\v3_39\src\traditional\proc\p18F4520.asm
                    PORTB   0x000f81       data     extern C:\MCC18\v3_39\src\traditional\proc\p18F4520.asm
                PORTBbits   0x000f81       data     extern C:\MCC18\v3_39\src\traditional\proc\p18F4520.asm
                    PORTC   0x000f82       data     extern C:\MCC18\v3_39\src\traditional\proc\p18F4520.asm
                PORTCbits   0x000f82       data     extern C:\MCC18\v3_39\src\traditional\proc\p18F4520.asm
                    PORTD   0x000f83       data     extern C:\MCC18\v3_39\src\traditional\proc\p18F4520.asm
                PORTDbits   0x000f83       data     extern C:\MCC18\v3_39\src\traditional\proc\p18F4520.asm
                    PORTE   0x000f84       data     extern C:\MCC18\v3_39\src\traditional\proc\p18F4520.asm
                PORTEbits   0x000f84       data     extern C:\MCC18\v3_39\src\traditional\proc\p18F4520.asm
                 POSTDEC0   0x000fed       data     extern C:\MCC18\v3_39\src\traditional\proc\p18F4520.asm
                 POSTDEC1   0x000fe5       data     extern C:\MCC18\v3_39\src\traditional\proc\p18F4520.asm
                 POSTDEC2   0x000fdd       data     extern C:\MCC18\v3_39\src\traditional\proc\p18F4520.asm
                 POSTINC0   0x000fee       data     extern C:\MCC18\v3_39\src\traditional\proc\p18F4520.asm
                 POSTINC1   0x000fe6       data     extern C:\MCC18\v3_39\src\traditional\proc\p18F4520.asm
                 POSTINC2   0x000fde       data     extern C:\MCC18\v3_39\src\traditional\proc\p18F4520.asm
                      PR2   0x000fcb       data     extern C:\MCC18\v3_39\src\traditional\proc\p18F4520.asm
                  PREINC0   0x000fec       data     extern C:\MCC18\v3_39\src\traditional\proc\p18F4520.asm
                  PREINC1   0x000fe4       data     extern C:\MCC18\v3_39\src\traditional\proc\p18F4520.asm
                  PREINC2   0x000fdc       data     extern C:\MCC18\v3_39\src\traditional\proc\p18F4520.asm
                     PROD   0x000ff3       data     extern C:\MCC18\v3_39\src\traditional\proc\p18F4520.asm
                    PRODH   0x000ff4       data     extern C:\MCC18\v3_39\src\traditional\proc\p18F4520.asm
                    PRODL   0x000ff3       data     extern C:\MCC18\v3_39\src\traditional\proc\p18F4520.asm
                  PWM1CON   0x000fb7       data     extern C:\MCC18\v3_39\src\traditional\proc\p18F4520.asm
              PWM1CONbits   0x000fb7       data     extern C:\MCC18\v3_39\src\traditional\proc\p18F4520.asm
               Parameters   0x0000d4       data     extern C:\Users\Ryan\Pacemaker\Microcontroller\Main.c
                     RCON   0x000fd0       data     extern C:\MCC18\v3_39\src\traditional\proc\p18F4520.asm
                 RCONbits   0x000fd0       data     extern C:\MCC18\v3_39\src\traditional\proc\p18F4520.asm
                    RCREG   0x000fae       data     extern C:\MCC18\v3_39\src\traditional\proc\p18F4520.asm
                    RCSTA   0x000fab       data     extern C:\MCC18\v3_39\src\traditional\proc\p18F4520.asm
                RCSTAbits   0x000fab       data     extern C:\MCC18\v3_39\src\traditional\proc\p18F4520.asm
                     SIGN   0x000000       data     extern C:\MCC18\v3_39\src\traditional\math\cmath18.asm
                    SPBRG   0x000faf       data     extern C:\MCC18\v3_39\src\traditional\proc\p18F4520.asm
                   SPBRGH   0x000fb0       data     extern C:\MCC18\v3_39\src\traditional\proc\p18F4520.asm
                   SSPADD   0x000fc8       data     extern C:\MCC18\v3_39\src\traditional\proc\p18F4520.asm
                   SSPBUF   0x000fc9       data     extern C:\MCC18\v3_39\src\traditional\proc\p18F4520.asm
                  SSPCON1   0x000fc6       data     extern C:\MCC18\v3_39\src\traditional\proc\p18F4520.asm
              SSPCON1bits   0x000fc6       data     extern C:\MCC18\v3_39\src\traditional\proc\p18F4520.asm
                  SSPCON2   0x000fc5       data     extern C:\MCC18\v3_39\src\traditional\proc\p18F4520.asm
              SSPCON2bits   0x000fc5       data     extern C:\MCC18\v3_39\src\traditional\proc\p18F4520.asm
                  SSPSTAT   0x000fc7       data     extern C:\MCC18\v3_39\src\traditional\proc\p18F4520.asm
              SSPSTATbits   0x000fc7       data     extern C:\MCC18\v3_39\src\traditional\proc\p18F4520.asm
                   STATUS   0x000fd8       data     extern C:\MCC18\v3_39\src\traditional\proc\p18F4520.asm
               STATUSbits   0x000fd8       data     extern C:\MCC18\v3_39\src\traditional\proc\p18F4520.asm
                   STKPTR   0x000ffc       data     extern C:\MCC18\v3_39\src\traditional\proc\p18F4520.asm
               STKPTRbits   0x000ffc       data     extern C:\MCC18\v3_39\src\traditional\proc\p18F4520.asm
                    T0CON   0x000fd5       data     extern C:\MCC18\v3_39\src\traditional\proc\p18F4520.asm
                T0CONbits   0x000fd5       data     extern C:\MCC18\v3_39\src\traditional\proc\p18F4520.asm
                    T1CON   0x000fcd       data     extern C:\MCC18\v3_39\src\traditional\proc\p18F4520.asm
                T1CONbits   0x000fcd       data     extern C:\MCC18\v3_39\src\traditional\proc\p18F4520.asm
                    T2CON   0x000fca       data     extern C:\MCC18\v3_39\src\traditional\proc\p18F4520.asm
                T2CONbits   0x000fca       data     extern C:\MCC18\v3_39\src\traditional\proc\p18F4520.asm
                    T3CON   0x000fb1       data     extern C:\MCC18\v3_39\src\traditional\proc\p18F4520.asm
                T3CONbits   0x000fb1       data     extern C:\MCC18\v3_39\src\traditional\proc\p18F4520.asm
                   TABLAT   0x000ff5       data     extern C:\MCC18\v3_39\src\traditional\proc\p18F4520.asm
                   TBLPTR   0x000ff6       data     extern C:\MCC18\v3_39\src\traditional\proc\p18F4520.asm
                  TBLPTRH   0x000ff7       data     extern C:\MCC18\v3_39\src\traditional\proc\p18F4520.asm
                  TBLPTRL   0x000ff6       data     extern C:\MCC18\v3_39\src\traditional\proc\p18F4520.asm
                  TBLPTRU   0x000ff8       data     extern C:\MCC18\v3_39\src\traditional\proc\p18F4520.asm
                    TMR0H   0x000fd7       data     extern C:\MCC18\v3_39\src\traditional\proc\p18F4520.asm
                    TMR0L   0x000fd6       data     extern C:\MCC18\v3_39\src\traditional\proc\p18F4520.asm
                    TMR1H   0x000fcf       data     extern C:\MCC18\v3_39\src\traditional\proc\p18F4520.asm
                    TMR1L   0x000fce       data     extern C:\MCC18\v3_39\src\traditional\proc\p18F4520.asm
                     TMR2   0x000fcc       data     extern C:\MCC18\v3_39\src\traditional\proc\p18F4520.asm
                    TMR3H   0x000fb3       data     extern C:\MCC18\v3_39\src\traditional\proc\p18F4520.asm
                    TMR3L   0x000fb2       data     extern C:\MCC18\v3_39\src\traditional\proc\p18F4520.asm
                      TOS   0x000ffd       data     extern C:\MCC18\v3_39\src\traditional\proc\p18F4520.asm
                     TOSH   0x000ffe       data     extern C:\MCC18\v3_39\src\traditional\proc\p18F4520.asm
                     TOSL   0x000ffd       data     extern C:\MCC18\v3_39\src\traditional\proc\p18F4520.asm
                     TOSU   0x000fff       data     extern C:\MCC18\v3_39\src\traditional\proc\p18F4520.asm
                    TRISA   0x000f92       data     extern C:\MCC18\v3_39\src\traditional\proc\p18F4520.asm
                TRISAbits   0x000f92       data     extern C:\MCC18\v3_39\src\traditional\proc\p18F4520.asm
                    TRISB   0x000f93       data     extern C:\MCC18\v3_39\src\traditional\proc\p18F4520.asm
                TRISBbits   0x000f93       data     extern C:\MCC18\v3_39\src\traditional\proc\p18F4520.asm
                    TRISC   0x000f94       data     extern C:\MCC18\v3_39\src\traditional\proc\p18F4520.asm
                TRISCbits   0x000f94       data     extern C:\MCC18\v3_39\src\traditional\proc\p18F4520.asm
                    TRISD   0x000f95       data     extern C:\MCC18\v3_39\src\traditional\proc\p18F4520.asm
                TRISDbits   0x000f95       data     extern C:\MCC18\v3_39\src\traditional\proc\p18F4520.asm
                    TRISE   0x000f96       data     extern C:\MCC18\v3_39\src\traditional\proc\p18F4520.asm
                TRISEbits   0x000f96       data     extern C:\MCC18\v3_39\src\traditional\proc\p18F4520.asm
                    TXREG   0x000fad       data     extern C:\MCC18\v3_39\src\traditional\proc\p18F4520.asm
                    TXSTA   0x000fac       data     extern C:\MCC18\v3_39\src\traditional\proc\p18F4520.asm
                TXSTAbits   0x000fac       data     extern C:\MCC18\v3_39\src\traditional\proc\p18F4520.asm
                 VVoltage   0x0000f4       data     extern C:\Users\Ryan\Pacemaker\Microcontroller\Adc.c
                        W   0x000fe8       data     extern C:\MCC18\v3_39\src\traditional\proc\p18F4520.asm
                   WDTCON   0x000fd1       data     extern C:\MCC18\v3_39\src\traditional\proc\p18F4520.asm
               WDTCONbits   0x000fd1       data     extern C:\MCC18\v3_39\src\traditional\proc\p18F4520.asm
                     WREG   0x000fe8       data     extern C:\MCC18\v3_39\src\traditional\proc\p18F4520.asm
                 __AARGB0   0x000009       data     extern C:\MCC18\v3_39\src\traditional\math\aarg.asm
                 __AARGB1   0x000008       data     extern C:\MCC18\v3_39\src\traditional\math\aarg.asm
                 __AARGB2   0x000007       data     extern C:\MCC18\v3_39\src\traditional\math\aarg.asm
                 __AARGB3   0x000006       data     extern C:\MCC18\v3_39\src\traditional\math\aarg.asm
                 __AARGB4   0x000005       data     extern C:\MCC18\v3_39\src\traditional\math\aarg.asm
                 __AARGB5   0x000004       data     extern C:\MCC18\v3_39\src\traditional\math\aarg.asm
                 __AARGB6   0x000003       data     extern C:\MCC18\v3_39\src\traditional\math\aarg.asm
                 __AARGB7   0x000002       data     extern C:\MCC18\v3_39\src\traditional\math\aarg.asm
                   __AEXP   0x00000a       data     extern C:\MCC18\v3_39\src\traditional\math\aarg.asm
                 __BARGB0   0x00000e       data     extern C:\MCC18\v3_39\src\traditional\math\barg.asm
                 __BARGB1   0x00000d       data     extern C:\MCC18\v3_39\src\traditional\math\barg.asm
                 __BARGB2   0x00000c       data     extern C:\MCC18\v3_39\src\traditional\math\barg.asm
                 __BARGB3   0x00000b       data     extern C:\MCC18\v3_39\src\traditional\math\barg.asm
                   __BEXP   0x00000f       data     extern C:\MCC18\v3_39\src\traditional\math\barg.asm
                __FPFLAGS   0x000001       data     extern C:\MCC18\v3_39\src\traditional\math\cmath18.asm
            __FPFLAGSbits   0x000001       data     extern C:\MCC18\v3_39\src\traditional\math\cmath18.asm
                  __REMB0   0x000005       data     extern C:\MCC18\v3_39\src\traditional\math\aarg.asm
                  __REMB1   0x000004       data     extern C:\MCC18\v3_39\src\traditional\math\aarg.asm
                  __REMB2   0x000003       data     extern C:\MCC18\v3_39\src\traditional\math\aarg.asm
                  __REMB3   0x000002       data     extern C:\MCC18\v3_39\src\traditional\math\aarg.asm
                   __TEMP   0x000013       data     extern C:\MCC18\v3_39\src\traditional\math\temparg.asm
                 __TEMPB0   0x000013       data     extern C:\MCC18\v3_39\src\traditional\math\temparg.asm
                 __TEMPB1   0x000012       data     extern C:\MCC18\v3_39\src\traditional\math\temparg.asm
                 __TEMPB2   0x000011       data     extern C:\MCC18\v3_39\src\traditional\math\temparg.asm
                 __TEMPB3   0x000010       data     extern C:\MCC18\v3_39\src\traditional\math\temparg.asm
                  __tmp_0   0x000014       data     static C:\Users\Ryan\Pacemaker\Microcontroller\Buffer.c
                  __tmp_0   0x000014       data     static C:\Users\Ryan\Pacemaker\Microcontroller\Packet.c
                  __tmp_0   0x000014       data     static C:\Users\Ryan\Pacemaker\Microcontroller\Adc.c
                  __tmp_0   0x000014       data     static C:\Users\Ryan\Pacemaker\Microcontroller\ByteConversion.c
                  __tmp_0   0x000014       data     static C:\Users\Ryan\Pacemaker\Microcontroller\Serial.c
                  __tmp_0   0x000014       data     static C:\Users\Ryan\Pacemaker\Microcontroller\Main.c
                  __tmp_1   0x000028       data     static C:\Users\Ryan\Pacemaker\Microcontroller\Main.c
                curr_byte   0x0000eb       data     static C:\MCC18\v3_39\src\traditional\startup\c018i.c
               curr_entry   0x0000ed       data     static C:\MCC18\v3_39\src\traditional\startup\c018i.c
                 data_ptr   0x0000ef       data     static C:\MCC18\v3_39\src\traditional\startup\c018i.c
                 i_CommIn   0x0000c4       data     extern C:\Users\Ryan\Pacemaker\Microcontroller\Main.c
                 m_magnet   0x0000e7       data     extern C:\Users\Ryan\Pacemaker\Microcontroller\Main.c
                o_CommOut   0x0000e1       data     extern C:\Users\Ryan\Pacemaker\Microcontroller\Main.c
                  opState   0x0000e5       data     extern C:\Users\Ryan\Pacemaker\Microcontroller\Main.c
                     prom   0x0000e8       data     static C:\MCC18\v3_39\src\traditional\startup\c018i.c
                    rcbuf   0x0000a2       data     extern C:\Users\Ryan\Pacemaker\Microcontroller\Main.c
                    txbuf   0x000080       data     extern C:\Users\Ryan\Pacemaker\Microcontroller\Main.c



                              Symbols - Sorted by Address
                     Name    Address   Location    Storage File                     
                ---------  ---------  ---------  --------- ---------                
                   _entry   0x000000    program     extern C:\MCC18\v3_39\src\traditional\startup\c018i.c
       ___return_lbl00000   0x000004    program     static                          
               intr_entry   0x000008    program     extern C:\Users\Ryan\Pacemaker\Microcontroller\Main.c
       ___return_lbl00000   0x00000c    program     static                          
             calcCheckSum   0x00000e    program     extern C:\Users\Ryan\Pacemaker\Microcontroller\Packet.c
           paramsToPacket   0x000092    program     extern C:\Users\Ryan\Pacemaker\Microcontroller\Packet.c
           packetToParams   0x000320    program     extern C:\Users\Ryan\Pacemaker\Microcontroller\Packet.c
             buffToPacket   0x00047c    program     extern C:\Users\Ryan\Pacemaker\Microcontroller\Packet.c
            egramToPacket   0x0005e0    program     extern C:\Users\Ryan\Pacemaker\Microcontroller\Packet.c
             intr_handler   0x0007aa    program     extern C:\Users\Ryan\Pacemaker\Microcontroller\Main.c
           ___if_lbl00002   0x00085a    program     static                          
               __tmplbl_1   0x000896    program     static                          
               __tmplbl_0   0x00089e    program     static                          
           ___if_lbl00004   0x0008a6    program     static                          
           ___if_lbl00005   0x0008a6    program     static                          
         ___else_lbl00007   0x0008cc    program     static                          
           ___if_lbl00006   0x0008de    program     static                          
           ___if_lbl00008   0x0008de    program     static                          
       ___return_lbl00001   0x0008de    program     static                          
                     main   0x000926    program     extern C:\Users\Ryan\Pacemaker\Microcontroller\Main.c
                 initComm   0x000d90    program     extern C:\Users\Ryan\Pacemaker\Microcontroller\Serial.c
              validHeader   0x000db0    program     extern C:\Users\Ryan\Pacemaker\Microcontroller\Serial.c
               sendPacket   0x000df0    program     extern C:\Users\Ryan\Pacemaker\Microcontroller\Serial.c
            receivePacket   0x000eb4    program     extern C:\Users\Ryan\Pacemaker\Microcontroller\Serial.c
                 sendChar   0x001106    program     extern C:\Users\Ryan\Pacemaker\Microcontroller\Serial.c
            egramToStream   0x001134    program     extern C:\Users\Ryan\Pacemaker\Microcontroller\Serial.c
               sendStream   0x0011fe    program     extern C:\Users\Ryan\Pacemaker\Microcontroller\Serial.c
                 FLO1632U   0x00126e    program     extern C:\MCC18\v3_39\src\traditional\math\cast16FP.asm
                 FLO1632S   0x001272    program     extern C:\MCC18\v3_39\src\traditional\math\cast16FP.asm
                jI2F16Beg   0x001282    program     static C:\MCC18\v3_39\src\traditional\math\cast16FP.asm
                    FPD32   0x001298    program     extern C:\MCC18\v3_39\src\traditional\math\divFP.asm
                 jANotInf   0x0012b6    program     static C:\MCC18\v3_39\src\traditional\math\divFP.asm
              jSignedZero   0x0012c0    program     static C:\MCC18\v3_39\src\traditional\math\divFP.asm
                jANotZero   0x0012ca    program     static C:\MCC18\v3_39\src\traditional\math\divFP.asm
                    jLoop   0x0012f2    program     static C:\MCC18\v3_39\src\traditional\math\divFP.asm
                jNoAdjust   0x001316    program     static C:\MCC18\v3_39\src\traditional\math\divFP.asm
                    jNext   0x001318    program     static C:\MCC18\v3_39\src\traditional\math\divFP.asm
                    FPM32   0x00133e    program     extern C:\MCC18\v3_39\src\traditional\math\mulFP.asm
                 jANotInf   0x00135c    program     static C:\MCC18\v3_39\src\traditional\math\mulFP.asm
              jBothFinite   0x00136a    program     static C:\MCC18\v3_39\src\traditional\math\mulFP.asm
                jHaveZero   0x001372    program     static C:\MCC18\v3_39\src\traditional\math\mulFP.asm
             jBothNotZero   0x001376    program     static C:\MCC18\v3_39\src\traditional\math\mulFP.asm
                 FXD0808S   0x001418    program     extern C:\MCC18\v3_39\src\traditional\math\fxd0808s.asm
                  DA0808S   0x001424    program     static C:\MCC18\v3_39\src\traditional\math\fxd0808s.asm
                   D0808S   0x00142e    program     static C:\MCC18\v3_39\src\traditional\math\fxd0808s.asm
                 D0808SOK   0x001438    program     static C:\MCC18\v3_39\src\traditional\math\fxd0808s.asm
                D0808SNEG   0x00143c    program     static C:\MCC18\v3_39\src\traditional\math\fxd0808s.asm
                  D0808SX   0x001442    program     static C:\MCC18\v3_39\src\traditional\math\fxd0808s.asm
                  INT3216   0x00144c    program     extern C:\MCC18\v3_39\src\traditional\math\castFP16.asm
                     jMax   0x00145c    program     static C:\MCC18\v3_39\src\traditional\math\castFP16.asm
                  jMaxPos   0x001460    program     static C:\MCC18\v3_39\src\traditional\math\castFP16.asm
                  jMaxNeg   0x00146a    program     static C:\MCC18\v3_39\src\traditional\math\castFP16.asm
                    jZero   0x001472    program     static C:\MCC18\v3_39\src\traditional\math\castFP16.asm
                  jNotInf   0x001478    program     static C:\MCC18\v3_39\src\traditional\math\castFP16.asm
                    jLoop   0x001488    program     static C:\MCC18\v3_39\src\traditional\math\castFP16.asm
                jLoopExit   0x001498    program     static C:\MCC18\v3_39\src\traditional\math\castFP16.asm
                    jExit   0x0014a8    program     static C:\MCC18\v3_39\src\traditional\math\castFP16.asm
            __FpReturnNaN   0x0014aa    program     extern C:\MCC18\v3_39\src\traditional\math\packFP.asm
                 __FpExit   0x0014b6    program     extern C:\MCC18\v3_39\src\traditional\math\packFP.asm
        __FpReturnSignInf   0x0014b8    program     extern C:\MCC18\v3_39\src\traditional\math\packFP.asm
         __FpReturnNegInf   0x0014bc    program     extern C:\MCC18\v3_39\src\traditional\math\packFP.asm
         __FpReturnPosInf   0x0014c2    program     extern C:\MCC18\v3_39\src\traditional\math\packFP.asm
           jReturnPosInf0   0x0014c6    program     static C:\MCC18\v3_39\src\traditional\math\packFP.asm
               jZero1and2   0x0014ca    program     static C:\MCC18\v3_39\src\traditional\math\packFP.asm
       __FpReturnSignZero   0x0014d0    program     extern C:\MCC18\v3_39\src\traditional\math\packFP.asm
        __FpReturnNegZero   0x0014d4    program     extern C:\MCC18\v3_39\src\traditional\math\packFP.asm
        __FpReturnPosZero   0x0014dc    program     extern C:\MCC18\v3_39\src\traditional\math\packFP.asm
                 __FpPack   0x0014e2    program     extern C:\MCC18\v3_39\src\traditional\math\packFP.asm
                  jPkLoop   0x0014f0    program     static C:\MCC18\v3_39\src\traditional\math\packFP.asm
             jPkShiftDone   0x00150c    program     static C:\MCC18\v3_39\src\traditional\math\packFP.asm
               jPkRoundIt   0x001522    program     static C:\MCC18\v3_39\src\traditional\math\packFP.asm
             jPkRoundDone   0x00153a    program     static C:\MCC18\v3_39\src\traditional\math\packFP.asm
              __FpReturnW   0x00153a    program     extern C:\MCC18\v3_39\src\traditional\math\packFP.asm
              __FpUnPackA   0x00155a    program     extern C:\MCC18\v3_39\src\traditional\math\UnpackFP.asm
                  jUnpkA1   0x001564    program     static C:\MCC18\v3_39\src\traditional\math\UnpackFP.asm
                 jUnpkANZ   0x001572    program     static C:\MCC18\v3_39\src\traditional\math\UnpackFP.asm
                  jUnpkA2   0x00157c    program     static C:\MCC18\v3_39\src\traditional\math\UnpackFP.asm
                 jUnpkNaN   0x001586    program     static C:\MCC18\v3_39\src\traditional\math\UnpackFP.asm
              __FpUnPackB   0x00158a    program     extern C:\MCC18\v3_39\src\traditional\math\UnpackFP.asm
                  jUnpkB1   0x001594    program     static C:\MCC18\v3_39\src\traditional\math\UnpackFP.asm
                 jUnpkBNZ   0x0015a2    program     static C:\MCC18\v3_39\src\traditional\math\UnpackFP.asm
                  jUnpkB2   0x0015ac    program     static C:\MCC18\v3_39\src\traditional\math\UnpackFP.asm
                 BUF_INIT   0x0015b6    program     extern C:\Users\Ryan\Pacemaker\Microcontroller\Buffer.c
                  BUF_GET   0x0015e6    program     extern C:\Users\Ryan\Pacemaker\Microcontroller\Buffer.c
               BUF_LENGTH   0x001666    program     extern C:\Users\Ryan\Pacemaker\Microcontroller\Buffer.c
                 BUF_SIZE   0x001778    program     extern C:\Users\Ryan\Pacemaker\Microcontroller\Buffer.c
                BUF_EMPTY   0x001790    program     extern C:\Users\Ryan\Pacemaker\Microcontroller\Buffer.c
                 BUF_FULL   0x0017d4    program     extern C:\Users\Ryan\Pacemaker\Microcontroller\Buffer.c
                  BUF_ADD   0x00181a    program     extern C:\Users\Ryan\Pacemaker\Microcontroller\Buffer.c
              timer1_init   0x00189a    program     extern C:\Users\Ryan\Pacemaker\Microcontroller\Adc.c
               sense_init   0x0018aa    program     extern C:\Users\Ryan\Pacemaker\Microcontroller\Adc.c
                 adc_init   0x0018ae    program     extern C:\Users\Ryan\Pacemaker\Microcontroller\Adc.c
                  adc_get   0x0018c0    program     extern C:\Users\Ryan\Pacemaker\Microcontroller\Adc.c
                adc_start   0x00193a    program     extern C:\Users\Ryan\Pacemaker\Microcontroller\Adc.c
                 adc_stop   0x001948    program     extern C:\Users\Ryan\Pacemaker\Microcontroller\Adc.c
             get_VVoltage   0x00194e    program     extern C:\Users\Ryan\Pacemaker\Microcontroller\Adc.c
                on_timer1   0x00195a    program     extern C:\Users\Ryan\Pacemaker\Microcontroller\Adc.c
             get_AVoltage   0x001b36    program     extern C:\Users\Ryan\Pacemaker\Microcontroller\Adc.c
               intToBytes   0x001b42    program     extern C:\Users\Ryan\Pacemaker\Microcontroller\ByteConversion.c
               bytesToInt   0x001be6    program     extern C:\Users\Ryan\Pacemaker\Microcontroller\ByteConversion.c
                _do_cinit   0x001c5e    program     extern C:\MCC18\v3_39\src\traditional\startup\c018i.c
                     test   0x001c78    program     static                          
                copy_loop   0x001cd0    program     static                          
            copy_one_byte   0x001cd6    program     static                          
             done_copying   0x001ce4    program     static                          
       ___return_lbl00002   0x001cfa    program     static                          
                     done   0x001cfa    program     static                          
            __zero_memory   0x001cfc    program     extern C:\MCC18\v3_39\src\traditional\proc\p18F4520.asm
               zero_block   0x001d0a    program     static C:\MCC18\v3_39\src\traditional\proc\p18F4520.asm
                   loop_h   0x001d0a    program     static C:\MCC18\v3_39\src\traditional\proc\p18F4520.asm
                compare_l   0x001d12    program     static C:\MCC18\v3_39\src\traditional\proc\p18F4520.asm
                   loop_l   0x001d14    program     static C:\MCC18\v3_39\src\traditional\proc\p18F4520.asm
                 _startup   0x001d1c    program     extern C:\MCC18\v3_39\src\traditional\startup\c018i.c
                     loop   0x001d2c    program     static                          
       ___return_lbl00001   0x001d36    program     static                          
                 FXD0808U   0x001d38    program     extern C:\MCC18\v3_39\src\traditional\math\fxd0808u.c
                     loop   0x001d40    program     static                          
                  endloop   0x001d4e    program     static                          
       ___return_lbl00000   0x001d52    program     static                          
                   __init   0x001d54    program     extern C:\MCC18\v3_39\src\traditional\stdclib\__init.c
               __config_0   0x300001    program     static C:\Users\Ryan\Pacemaker\Microcontroller\Main.c
               __config_1   0x300003    program     static C:\Users\Ryan\Pacemaker\Microcontroller\Main.c
                     SIGN   0x000000       data     extern C:\MCC18\v3_39\src\traditional\math\cmath18.asm
                __FPFLAGS   0x000001       data     extern C:\MCC18\v3_39\src\traditional\math\cmath18.asm
            __FPFLAGSbits   0x000001       data     extern C:\MCC18\v3_39\src\traditional\math\cmath18.asm
                 __AARGB7   0x000002       data     extern C:\MCC18\v3_39\src\traditional\math\aarg.asm
                  __REMB3   0x000002       data     extern C:\MCC18\v3_39\src\traditional\math\aarg.asm
                 __AARGB6   0x000003       data     extern C:\MCC18\v3_39\src\traditional\math\aarg.asm
                  __REMB2   0x000003       data     extern C:\MCC18\v3_39\src\traditional\math\aarg.asm
                 __AARGB5   0x000004       data     extern C:\MCC18\v3_39\src\traditional\math\aarg.asm
                  __REMB1   0x000004       data     extern C:\MCC18\v3_39\src\traditional\math\aarg.asm
                 __AARGB4   0x000005       data     extern C:\MCC18\v3_39\src\traditional\math\aarg.asm
                  __REMB0   0x000005       data     extern C:\MCC18\v3_39\src\traditional\math\aarg.asm
                 __AARGB3   0x000006       data     extern C:\MCC18\v3_39\src\traditional\math\aarg.asm
                 __AARGB2   0x000007       data     extern C:\MCC18\v3_39\src\traditional\math\aarg.asm
                 __AARGB1   0x000008       data     extern C:\MCC18\v3_39\src\traditional\math\aarg.asm
                 __AARGB0   0x000009       data     extern C:\MCC18\v3_39\src\traditional\math\aarg.asm
                   __AEXP   0x00000a       data     extern C:\MCC18\v3_39\src\traditional\math\aarg.asm
                 __BARGB3   0x00000b       data     extern C:\MCC18\v3_39\src\traditional\math\barg.asm
                 __BARGB2   0x00000c       data     extern C:\MCC18\v3_39\src\traditional\math\barg.asm
                 __BARGB1   0x00000d       data     extern C:\MCC18\v3_39\src\traditional\math\barg.asm
                 __BARGB0   0x00000e       data     extern C:\MCC18\v3_39\src\traditional\math\barg.asm
                   __BEXP   0x00000f       data     extern C:\MCC18\v3_39\src\traditional\math\barg.asm
                 __TEMPB3   0x000010       data     extern C:\MCC18\v3_39\src\traditional\math\temparg.asm
                 __TEMPB2   0x000011       data     extern C:\MCC18\v3_39\src\traditional\math\temparg.asm
                 __TEMPB1   0x000012       data     extern C:\MCC18\v3_39\src\traditional\math\temparg.asm
                 __TEMPB0   0x000013       data     extern C:\MCC18\v3_39\src\traditional\math\temparg.asm
                   __TEMP   0x000013       data     extern C:\MCC18\v3_39\src\traditional\math\temparg.asm
                  __tmp_0   0x000014       data     static C:\Users\Ryan\Pacemaker\Microcontroller\Packet.c
                  __tmp_0   0x000014       data     static C:\Users\Ryan\Pacemaker\Microcontroller\Buffer.c
                  __tmp_0   0x000014       data     static C:\Users\Ryan\Pacemaker\Microcontroller\Adc.c
                  __tmp_0   0x000014       data     static C:\Users\Ryan\Pacemaker\Microcontroller\ByteConversion.c
                  __tmp_0   0x000014       data     static C:\Users\Ryan\Pacemaker\Microcontroller\Serial.c
                  __tmp_0   0x000014       data     static C:\Users\Ryan\Pacemaker\Microcontroller\Main.c
                  __tmp_1   0x000028       data     static C:\Users\Ryan\Pacemaker\Microcontroller\Main.c
                    txbuf   0x000080       data     extern C:\Users\Ryan\Pacemaker\Microcontroller\Main.c
                    rcbuf   0x0000a2       data     extern C:\Users\Ryan\Pacemaker\Microcontroller\Main.c
                 i_CommIn   0x0000c4       data     extern C:\Users\Ryan\Pacemaker\Microcontroller\Main.c
               Parameters   0x0000d4       data     extern C:\Users\Ryan\Pacemaker\Microcontroller\Main.c
                o_CommOut   0x0000e1       data     extern C:\Users\Ryan\Pacemaker\Microcontroller\Main.c
                  opState   0x0000e5       data     extern C:\Users\Ryan\Pacemaker\Microcontroller\Main.c
                 m_magnet   0x0000e7       data     extern C:\Users\Ryan\Pacemaker\Microcontroller\Main.c
                     prom   0x0000e8       data     static C:\MCC18\v3_39\src\traditional\startup\c018i.c
                curr_byte   0x0000eb       data     static C:\MCC18\v3_39\src\traditional\startup\c018i.c
               curr_entry   0x0000ed       data     static C:\MCC18\v3_39\src\traditional\startup\c018i.c
                 data_ptr   0x0000ef       data     static C:\MCC18\v3_39\src\traditional\startup\c018i.c
                 AVoltage   0x0000f2       data     extern C:\Users\Ryan\Pacemaker\Microcontroller\Adc.c
                 VVoltage   0x0000f4       data     extern C:\Users\Ryan\Pacemaker\Microcontroller\Adc.c
                    PORTA   0x000f80       data     extern C:\MCC18\v3_39\src\traditional\proc\p18F4520.asm
                PORTAbits   0x000f80       data     extern C:\MCC18\v3_39\src\traditional\proc\p18F4520.asm
                    PORTB   0x000f81       data     extern C:\MCC18\v3_39\src\traditional\proc\p18F4520.asm
                PORTBbits   0x000f81       data     extern C:\MCC18\v3_39\src\traditional\proc\p18F4520.asm
                    PORTC   0x000f82       data     extern C:\MCC18\v3_39\src\traditional\proc\p18F4520.asm
                PORTCbits   0x000f82       data     extern C:\MCC18\v3_39\src\traditional\proc\p18F4520.asm
                PORTDbits   0x000f83       data     extern C:\MCC18\v3_39\src\traditional\proc\p18F4520.asm
                    PORTD   0x000f83       data     extern C:\MCC18\v3_39\src\traditional\proc\p18F4520.asm
                PORTEbits   0x000f84       data     extern C:\MCC18\v3_39\src\traditional\proc\p18F4520.asm
                    PORTE   0x000f84       data     extern C:\MCC18\v3_39\src\traditional\proc\p18F4520.asm
                     LATA   0x000f89       data     extern C:\MCC18\v3_39\src\traditional\proc\p18F4520.asm
                 LATAbits   0x000f89       data     extern C:\MCC18\v3_39\src\traditional\proc\p18F4520.asm
                     LATB   0x000f8a       data     extern C:\MCC18\v3_39\src\traditional\proc\p18F4520.asm
                 LATBbits   0x000f8a       data     extern C:\MCC18\v3_39\src\traditional\proc\p18F4520.asm
                     LATC   0x000f8b       data     extern C:\MCC18\v3_39\src\traditional\proc\p18F4520.asm
                 LATCbits   0x000f8b       data     extern C:\MCC18\v3_39\src\traditional\proc\p18F4520.asm
                     LATD   0x000f8c       data     extern C:\MCC18\v3_39\src\traditional\proc\p18F4520.asm
                 LATDbits   0x000f8c       data     extern C:\MCC18\v3_39\src\traditional\proc\p18F4520.asm
                     LATE   0x000f8d       data     extern C:\MCC18\v3_39\src\traditional\proc\p18F4520.asm
                 LATEbits   0x000f8d       data     extern C:\MCC18\v3_39\src\traditional\proc\p18F4520.asm
                     DDRA   0x000f92       data     extern C:\MCC18\v3_39\src\traditional\proc\p18F4520.asm
                TRISAbits   0x000f92       data     extern C:\MCC18\v3_39\src\traditional\proc\p18F4520.asm
                    TRISA   0x000f92       data     extern C:\MCC18\v3_39\src\traditional\proc\p18F4520.asm
                 DDRAbits   0x000f92       data     extern C:\MCC18\v3_39\src\traditional\proc\p18F4520.asm
                 DDRBbits   0x000f93       data     extern C:\MCC18\v3_39\src\traditional\proc\p18F4520.asm
                     DDRB   0x000f93       data     extern C:\MCC18\v3_39\src\traditional\proc\p18F4520.asm
                TRISBbits   0x000f93       data     extern C:\MCC18\v3_39\src\traditional\proc\p18F4520.asm
                    TRISB   0x000f93       data     extern C:\MCC18\v3_39\src\traditional\proc\p18F4520.asm
                     DDRC   0x000f94       data     extern C:\MCC18\v3_39\src\traditional\proc\p18F4520.asm
                 DDRCbits   0x000f94       data     extern C:\MCC18\v3_39\src\traditional\proc\p18F4520.asm
                    TRISC   0x000f94       data     extern C:\MCC18\v3_39\src\traditional\proc\p18F4520.asm
                TRISCbits   0x000f94       data     extern C:\MCC18\v3_39\src\traditional\proc\p18F4520.asm
                 DDRDbits   0x000f95       data     extern C:\MCC18\v3_39\src\traditional\proc\p18F4520.asm
                     DDRD   0x000f95       data     extern C:\MCC18\v3_39\src\traditional\proc\p18F4520.asm
                TRISDbits   0x000f95       data     extern C:\MCC18\v3_39\src\traditional\proc\p18F4520.asm
                    TRISD   0x000f95       data     extern C:\MCC18\v3_39\src\traditional\proc\p18F4520.asm
                    TRISE   0x000f96       data     extern C:\MCC18\v3_39\src\traditional\proc\p18F4520.asm
                TRISEbits   0x000f96       data     extern C:\MCC18\v3_39\src\traditional\proc\p18F4520.asm
                 DDREbits   0x000f96       data     extern C:\MCC18\v3_39\src\traditional\proc\p18F4520.asm
                     DDRE   0x000f96       data     extern C:\MCC18\v3_39\src\traditional\proc\p18F4520.asm
                  OSCTUNE   0x000f9b       data     extern C:\MCC18\v3_39\src\traditional\proc\p18F4520.asm
              OSCTUNEbits   0x000f9b       data     extern C:\MCC18\v3_39\src\traditional\proc\p18F4520.asm
                     PIE1   0x000f9d       data     extern C:\MCC18\v3_39\src\traditional\proc\p18F4520.asm
                 PIE1bits   0x000f9d       data     extern C:\MCC18\v3_39\src\traditional\proc\p18F4520.asm
                     PIR1   0x000f9e       data     extern C:\MCC18\v3_39\src\traditional\proc\p18F4520.asm
                 PIR1bits   0x000f9e       data     extern C:\MCC18\v3_39\src\traditional\proc\p18F4520.asm
                 IPR1bits   0x000f9f       data     extern C:\MCC18\v3_39\src\traditional\proc\p18F4520.asm
                     IPR1   0x000f9f       data     extern C:\MCC18\v3_39\src\traditional\proc\p18F4520.asm
                     PIE2   0x000fa0       data     extern C:\MCC18\v3_39\src\traditional\proc\p18F4520.asm
                 PIE2bits   0x000fa0       data     extern C:\MCC18\v3_39\src\traditional\proc\p18F4520.asm
                     PIR2   0x000fa1       data     extern C:\MCC18\v3_39\src\traditional\proc\p18F4520.asm
                 PIR2bits   0x000fa1       data     extern C:\MCC18\v3_39\src\traditional\proc\p18F4520.asm
                 IPR2bits   0x000fa2       data     extern C:\MCC18\v3_39\src\traditional\proc\p18F4520.asm
                     IPR2   0x000fa2       data     extern C:\MCC18\v3_39\src\traditional\proc\p18F4520.asm
               EECON1bits   0x000fa6       data     extern C:\MCC18\v3_39\src\traditional\proc\p18F4520.asm
                   EECON1   0x000fa6       data     extern C:\MCC18\v3_39\src\traditional\proc\p18F4520.asm
                   EECON2   0x000fa7       data     extern C:\MCC18\v3_39\src\traditional\proc\p18F4520.asm
                   EEDATA   0x000fa8       data     extern C:\MCC18\v3_39\src\traditional\proc\p18F4520.asm
                    EEADR   0x000fa9       data     extern C:\MCC18\v3_39\src\traditional\proc\p18F4520.asm
                RCSTAbits   0x000fab       data     extern C:\MCC18\v3_39\src\traditional\proc\p18F4520.asm
                    RCSTA   0x000fab       data     extern C:\MCC18\v3_39\src\traditional\proc\p18F4520.asm
                    TXSTA   0x000fac       data     extern C:\MCC18\v3_39\src\traditional\proc\p18F4520.asm
                TXSTAbits   0x000fac       data     extern C:\MCC18\v3_39\src\traditional\proc\p18F4520.asm
                    TXREG   0x000fad       data     extern C:\MCC18\v3_39\src\traditional\proc\p18F4520.asm
                    RCREG   0x000fae       data     extern C:\MCC18\v3_39\src\traditional\proc\p18F4520.asm
                    SPBRG   0x000faf       data     extern C:\MCC18\v3_39\src\traditional\proc\p18F4520.asm
                   SPBRGH   0x000fb0       data     extern C:\MCC18\v3_39\src\traditional\proc\p18F4520.asm
                    T3CON   0x000fb1       data     extern C:\MCC18\v3_39\src\traditional\proc\p18F4520.asm
                T3CONbits   0x000fb1       data     extern C:\MCC18\v3_39\src\traditional\proc\p18F4520.asm
                    TMR3L   0x000fb2       data     extern C:\MCC18\v3_39\src\traditional\proc\p18F4520.asm
                    TMR3H   0x000fb3       data     extern C:\MCC18\v3_39\src\traditional\proc\p18F4520.asm
                CMCONbits   0x000fb4       data     extern C:\MCC18\v3_39\src\traditional\proc\p18F4520.asm
                    CMCON   0x000fb4       data     extern C:\MCC18\v3_39\src\traditional\proc\p18F4520.asm
               CVRCONbits   0x000fb5       data     extern C:\MCC18\v3_39\src\traditional\proc\p18F4520.asm
                   CVRCON   0x000fb5       data     extern C:\MCC18\v3_39\src\traditional\proc\p18F4520.asm
               ECCPASbits   0x000fb6       data     extern C:\MCC18\v3_39\src\traditional\proc\p18F4520.asm
                   ECCPAS   0x000fb6       data     extern C:\MCC18\v3_39\src\traditional\proc\p18F4520.asm
              ECCP1ASbits   0x000fb6       data     extern C:\MCC18\v3_39\src\traditional\proc\p18F4520.asm
                  ECCP1AS   0x000fb6       data     extern C:\MCC18\v3_39\src\traditional\proc\p18F4520.asm
                 ECCP1DEL   0x000fb7       data     extern C:\MCC18\v3_39\src\traditional\proc\p18F4520.asm
              PWM1CONbits   0x000fb7       data     extern C:\MCC18\v3_39\src\traditional\proc\p18F4520.asm
                  PWM1CON   0x000fb7       data     extern C:\MCC18\v3_39\src\traditional\proc\p18F4520.asm
             ECCP1DELbits   0x000fb7       data     extern C:\MCC18\v3_39\src\traditional\proc\p18F4520.asm
              BAUDCTLbits   0x000fb8       data     extern C:\MCC18\v3_39\src\traditional\proc\p18F4520.asm
                  BAUDCTL   0x000fb8       data     extern C:\MCC18\v3_39\src\traditional\proc\p18F4520.asm
              BAUDCONbits   0x000fb8       data     extern C:\MCC18\v3_39\src\traditional\proc\p18F4520.asm
                  BAUDCON   0x000fb8       data     extern C:\MCC18\v3_39\src\traditional\proc\p18F4520.asm
              CCP2CONbits   0x000fba       data     extern C:\MCC18\v3_39\src\traditional\proc\p18F4520.asm
                  CCP2CON   0x000fba       data     extern C:\MCC18\v3_39\src\traditional\proc\p18F4520.asm
                   CCPR2L   0x000fbb       data     extern C:\MCC18\v3_39\src\traditional\proc\p18F4520.asm
                    CCPR2   0x000fbb       data     extern C:\MCC18\v3_39\src\traditional\proc\p18F4520.asm
                   CCPR2H   0x000fbc       data     extern C:\MCC18\v3_39\src\traditional\proc\p18F4520.asm
              CCP1CONbits   0x000fbd       data     extern C:\MCC18\v3_39\src\traditional\proc\p18F4520.asm
                  CCP1CON   0x000fbd       data     extern C:\MCC18\v3_39\src\traditional\proc\p18F4520.asm
                   CCPR1L   0x000fbe       data     extern C:\MCC18\v3_39\src\traditional\proc\p18F4520.asm
                    CCPR1   0x000fbe       data     extern C:\MCC18\v3_39\src\traditional\proc\p18F4520.asm
                   CCPR1H   0x000fbf       data     extern C:\MCC18\v3_39\src\traditional\proc\p18F4520.asm
               ADCON2bits   0x000fc0       data     extern C:\MCC18\v3_39\src\traditional\proc\p18F4520.asm
                   ADCON2   0x000fc0       data     extern C:\MCC18\v3_39\src\traditional\proc\p18F4520.asm
               ADCON1bits   0x000fc1       data     extern C:\MCC18\v3_39\src\traditional\proc\p18F4520.asm
                   ADCON1   0x000fc1       data     extern C:\MCC18\v3_39\src\traditional\proc\p18F4520.asm
                   ADCON0   0x000fc2       data     extern C:\MCC18\v3_39\src\traditional\proc\p18F4520.asm
               ADCON0bits   0x000fc2       data     extern C:\MCC18\v3_39\src\traditional\proc\p18F4520.asm
                    ADRES   0x000fc3       data     extern C:\MCC18\v3_39\src\traditional\proc\p18F4520.asm
                   ADRESL   0x000fc3       data     extern C:\MCC18\v3_39\src\traditional\proc\p18F4520.asm
                   ADRESH   0x000fc4       data     extern C:\MCC18\v3_39\src\traditional\proc\p18F4520.asm
                  SSPCON2   0x000fc5       data     extern C:\MCC18\v3_39\src\traditional\proc\p18F4520.asm
              SSPCON2bits   0x000fc5       data     extern C:\MCC18\v3_39\src\traditional\proc\p18F4520.asm
              SSPCON1bits   0x000fc6       data     extern C:\MCC18\v3_39\src\traditional\proc\p18F4520.asm
                  SSPCON1   0x000fc6       data     extern C:\MCC18\v3_39\src\traditional\proc\p18F4520.asm
              SSPSTATbits   0x000fc7       data     extern C:\MCC18\v3_39\src\traditional\proc\p18F4520.asm
                  SSPSTAT   0x000fc7       data     extern C:\MCC18\v3_39\src\traditional\proc\p18F4520.asm
                   SSPADD   0x000fc8       data     extern C:\MCC18\v3_39\src\traditional\proc\p18F4520.asm
                   SSPBUF   0x000fc9       data     extern C:\MCC18\v3_39\src\traditional\proc\p18F4520.asm
                T2CONbits   0x000fca       data     extern C:\MCC18\v3_39\src\traditional\proc\p18F4520.asm
                    T2CON   0x000fca       data     extern C:\MCC18\v3_39\src\traditional\proc\p18F4520.asm
                      PR2   0x000fcb       data     extern C:\MCC18\v3_39\src\traditional\proc\p18F4520.asm
                     TMR2   0x000fcc       data     extern C:\MCC18\v3_39\src\traditional\proc\p18F4520.asm
                T1CONbits   0x000fcd       data     extern C:\MCC18\v3_39\src\traditional\proc\p18F4520.asm
                    T1CON   0x000fcd       data     extern C:\MCC18\v3_39\src\traditional\proc\p18F4520.asm
                    TMR1L   0x000fce       data     extern C:\MCC18\v3_39\src\traditional\proc\p18F4520.asm
                    TMR1H   0x000fcf       data     extern C:\MCC18\v3_39\src\traditional\proc\p18F4520.asm
                     RCON   0x000fd0       data     extern C:\MCC18\v3_39\src\traditional\proc\p18F4520.asm
                 RCONbits   0x000fd0       data     extern C:\MCC18\v3_39\src\traditional\proc\p18F4520.asm
                   WDTCON   0x000fd1       data     extern C:\MCC18\v3_39\src\traditional\proc\p18F4520.asm
               WDTCONbits   0x000fd1       data     extern C:\MCC18\v3_39\src\traditional\proc\p18F4520.asm
                  HLVDCON   0x000fd2       data     extern C:\MCC18\v3_39\src\traditional\proc\p18F4520.asm
              HLVDCONbits   0x000fd2       data     extern C:\MCC18\v3_39\src\traditional\proc\p18F4520.asm
                   LVDCON   0x000fd2       data     extern C:\MCC18\v3_39\src\traditional\proc\p18F4520.asm
               LVDCONbits   0x000fd2       data     extern C:\MCC18\v3_39\src\traditional\proc\p18F4520.asm
                   OSCCON   0x000fd3       data     extern C:\MCC18\v3_39\src\traditional\proc\p18F4520.asm
               OSCCONbits   0x000fd3       data     extern C:\MCC18\v3_39\src\traditional\proc\p18F4520.asm
                    T0CON   0x000fd5       data     extern C:\MCC18\v3_39\src\traditional\proc\p18F4520.asm
                T0CONbits   0x000fd5       data     extern C:\MCC18\v3_39\src\traditional\proc\p18F4520.asm
                    TMR0L   0x000fd6       data     extern C:\MCC18\v3_39\src\traditional\proc\p18F4520.asm
                    TMR0H   0x000fd7       data     extern C:\MCC18\v3_39\src\traditional\proc\p18F4520.asm
                   STATUS   0x000fd8       data     extern C:\MCC18\v3_39\src\traditional\proc\p18F4520.asm
               STATUSbits   0x000fd8       data     extern C:\MCC18\v3_39\src\traditional\proc\p18F4520.asm
                     FSR2   0x000fd9       data     extern C:\MCC18\v3_39\src\traditional\proc\p18F4520.asm
                    FSR2L   0x000fd9       data     extern C:\MCC18\v3_39\src\traditional\proc\p18F4520.asm
                    FSR2H   0x000fda       data     extern C:\MCC18\v3_39\src\traditional\proc\p18F4520.asm
                   PLUSW2   0x000fdb       data     extern C:\MCC18\v3_39\src\traditional\proc\p18F4520.asm
                  PREINC2   0x000fdc       data     extern C:\MCC18\v3_39\src\traditional\proc\p18F4520.asm
                 POSTDEC2   0x000fdd       data     extern C:\MCC18\v3_39\src\traditional\proc\p18F4520.asm
                 POSTINC2   0x000fde       data     extern C:\MCC18\v3_39\src\traditional\proc\p18F4520.asm
                    INDF2   0x000fdf       data     extern C:\MCC18\v3_39\src\traditional\proc\p18F4520.asm
                      BSR   0x000fe0       data     extern C:\MCC18\v3_39\src\traditional\proc\p18F4520.asm
                    FSR1L   0x000fe1       data     extern C:\MCC18\v3_39\src\traditional\proc\p18F4520.asm
                     FSR1   0x000fe1       data     extern C:\MCC18\v3_39\src\traditional\proc\p18F4520.asm
                    FSR1H   0x000fe2       data     extern C:\MCC18\v3_39\src\traditional\proc\p18F4520.asm
                   PLUSW1   0x000fe3       data     extern C:\MCC18\v3_39\src\traditional\proc\p18F4520.asm
                  PREINC1   0x000fe4       data     extern C:\MCC18\v3_39\src\traditional\proc\p18F4520.asm
                 POSTDEC1   0x000fe5       data     extern C:\MCC18\v3_39\src\traditional\proc\p18F4520.asm
                 POSTINC1   0x000fe6       data     extern C:\MCC18\v3_39\src\traditional\proc\p18F4520.asm
                    INDF1   0x000fe7       data     extern C:\MCC18\v3_39\src\traditional\proc\p18F4520.asm
                     WREG   0x000fe8       data     extern C:\MCC18\v3_39\src\traditional\proc\p18F4520.asm
                        W   0x000fe8       data     extern C:\MCC18\v3_39\src\traditional\proc\p18F4520.asm
                    FSR0L   0x000fe9       data     extern C:\MCC18\v3_39\src\traditional\proc\p18F4520.asm
                     FSR0   0x000fe9       data     extern C:\MCC18\v3_39\src\traditional\proc\p18F4520.asm
                    FSR0H   0x000fea       data     extern C:\MCC18\v3_39\src\traditional\proc\p18F4520.asm
                   PLUSW0   0x000feb       data     extern C:\MCC18\v3_39\src\traditional\proc\p18F4520.asm
                  PREINC0   0x000fec       data     extern C:\MCC18\v3_39\src\traditional\proc\p18F4520.asm
                 POSTDEC0   0x000fed       data     extern C:\MCC18\v3_39\src\traditional\proc\p18F4520.asm
                 POSTINC0   0x000fee       data     extern C:\MCC18\v3_39\src\traditional\proc\p18F4520.asm
                    INDF0   0x000fef       data     extern C:\MCC18\v3_39\src\traditional\proc\p18F4520.asm
              INTCON3bits   0x000ff0       data     extern C:\MCC18\v3_39\src\traditional\proc\p18F4520.asm
                  INTCON3   0x000ff0       data     extern C:\MCC18\v3_39\src\traditional\proc\p18F4520.asm
              INTCON2bits   0x000ff1       data     extern C:\MCC18\v3_39\src\traditional\proc\p18F4520.asm
                  INTCON2   0x000ff1       data     extern C:\MCC18\v3_39\src\traditional\proc\p18F4520.asm
               INTCONbits   0x000ff2       data     extern C:\MCC18\v3_39\src\traditional\proc\p18F4520.asm
                   INTCON   0x000ff2       data     extern C:\MCC18\v3_39\src\traditional\proc\p18F4520.asm
                    PRODL   0x000ff3       data     extern C:\MCC18\v3_39\src\traditional\proc\p18F4520.asm
                     PROD   0x000ff3       data     extern C:\MCC18\v3_39\src\traditional\proc\p18F4520.asm
                    PRODH   0x000ff4       data     extern C:\MCC18\v3_39\src\traditional\proc\p18F4520.asm
                   TABLAT   0x000ff5       data     extern C:\MCC18\v3_39\src\traditional\proc\p18F4520.asm
                  TBLPTRL   0x000ff6       data     extern C:\MCC18\v3_39\src\traditional\proc\p18F4520.asm
                   TBLPTR   0x000ff6       data     extern C:\MCC18\v3_39\src\traditional\proc\p18F4520.asm
                  TBLPTRH   0x000ff7       data     extern C:\MCC18\v3_39\src\traditional\proc\p18F4520.asm
                  TBLPTRU   0x000ff8       data     extern C:\MCC18\v3_39\src\traditional\proc\p18F4520.asm
                       PC   0x000ff9       data     extern C:\MCC18\v3_39\src\traditional\proc\p18F4520.asm
                      PCL   0x000ff9       data     extern C:\MCC18\v3_39\src\traditional\proc\p18F4520.asm
                   PCLATH   0x000ffa       data     extern C:\MCC18\v3_39\src\traditional\proc\p18F4520.asm
                   PCLATU   0x000ffb       data     extern C:\MCC18\v3_39\src\traditional\proc\p18F4520.asm
               STKPTRbits   0x000ffc       data     extern C:\MCC18\v3_39\src\traditional\proc\p18F4520.asm
                   STKPTR   0x000ffc       data     extern C:\MCC18\v3_39\src\traditional\proc\p18F4520.asm
                      TOS   0x000ffd       data     extern C:\MCC18\v3_39\src\traditional\proc\p18F4520.asm
                     TOSL   0x000ffd       data     extern C:\MCC18\v3_39\src\traditional\proc\p18F4520.asm
                     TOSH   0x000ffe       data     extern C:\MCC18\v3_39\src\traditional\proc\p18F4520.asm
                     TOSU   0x000fff       data     extern C:\MCC18\v3_39\src\traditional\proc\p18F4520.asm


